<html>
<body>
<pre>
<h1>µVision Build Log</h1>
<h2>Project:</h2>
C:\Users\mmuno\Desktop\CSULB WORK\Senior Year\CECS 490 A\2D LiDAR\Library_LiDAR_Launchpad\LiDAR_Launchpad.uvproj
Project File Date:  05/19/2018

<h2>Output:</h2>
Rebuild target 'LiDAR_LauchPad'
assembling startup.s...
compiling I2C_init.c...
I2C_init.c(22): warning:  #550-D: variable "test" was set but never used
        char test;
I2C_init.c: 1 warning, 0 errors
compiling main.c...
compiling i2c.c...
compiling sysctl.c...
compiling gpio.c...
compiling interrupt.c...
compiling cpu.c...
compiling UART.c...
linking...
Program Size: Code=3364 RO-data=1012 RW-data=8 ZI-data=1120  
".\LiDAR LaunchPad.axf" - 0 Error(s), 1 Warning(s).
Clean started: Project: 'LiDAR_Launchpad'
   deleting intermediate output files for target 'LiDAR_LauchPad'
Clean started: Project: 'LiDAR_Launchpad'
   deleting intermediate output files for target 'LiDAR_LauchPad'
